QLD (Version 4.8.0)- Link/Load Summary: 'debug\mom5_Debug.s19'
SCRIPT FILES FROM THE FOLLOWING PATH(S):
  'C:/Program Files (x86)/GMV/EducDist/config/xcc12'

SCRIPT READ FROM THE FOLLOWING FILE(S):
  'default.lsc'

---------------------------
 SEARCHED LIBRARIES:
 'C:/Program Files (x86)/GMV/EducDist/lib/xcc12/libcd.e12'
 'C:/Program Files (x86)/GMV/EducDist/lib/xcc12/libed.e12'
 'C:/Program Files (x86)/GMV/EducDist/lib/xcc12/librtkd.e12'
 'C:/Program Files (x86)/GMV/EducDist/lib/xcc12/libccd.e12'

---------------------------
 PROGRAM ENTRY:'__start'
---------------------------
 GROUPS AND SEGMENTS:

  GROUP 'test_group', READ ONLY ,allocation to: 00001000 - 00001DFB, (size: 3580 Bytes)
   00001000 00001015 'init'
   00001016 000017E1 'text'
   000017E2 00001991 'rodata'
   00001992 00001DFB 'bss'

  GROUP 'interrupt_vectors', READ ONLY
   NO SEGMENTS

  GROUP 'const_group',
   SEGMENTS
   'abs'
---------------------------
LINKER DEFINED CONSTANTS:
   __rom_code_enabled = 0
   __heap_start = 00001DFC
  from segment 'text'
   00001016 '__text__start'
   000017E2 '__text__end'
   000007CC '__text__size'
  from segment 'init'
   00001000 '__init__start'
   00001016 '__init__end'
   00000016 '__init__size'
  from segment 'bss'
   00001992 '__bss__start'
   00001DFC '__bss__end'
   0000046A '__bss__size'
  from segment 'data'
   00000000 '__data__start'
   00000000 '__data__end'
   00000000 '__data__size'
  from segment 'rodata'
   000017E2 '__rodata__start'
   00001992 '__rodata__end'
   000001B0 '__rodata__size'
---------------------------
GLOBAL SYMBOL(S):

 in module: '_startup' of type 'O12' defined in file '_startup.o12'
  in segment: 'text'
   0000102B '__inchar'
   00001019 '__init'
   00001025 '__outchar'
   00001028 '__tstchar'
   00001016 '__lowexit'
  in segment: 'init'
   00001000 '__start'

 in module: 'mom5' of type 'O12' defined in file 'mom5.o12'
  in segment: 'text'
   00001032 '_main'
   00001084 '_P1'
   000010AB '_AtInterrupt'
   00001091 '_P2'
   0000109E '_P3'

 in module: '__crt' of type 'O12' defined in file '__crt.o12'
  in segment: 'text'
   000010C6 '___crt_get_system_time'
   000010CD '___crt_get_msec_ptr'
   000010D1 '___crtInit'
  in segment: 'bss'
   00001992 '___crt_first_malloc_element'
   00001994 '___crt_first_malloc_element_m_base'
   00001996 '___crt_first_malloc_element_m_size'

 in module: 'queue' of type 'O12' defined in file 'queue.o12'
  in segment: 'text'
   0000116D '_insert_last'
   000011AE '_insert_first'
   00001140 '_remque'

 in module: 'kernel' of type 'O12' defined in file 'kernel.o12'
  in segment: 'text'
   00001285 '_StartKernelForSim'
   000014B9 '_signalsem'
   000011E8 '_InitKernel'
   0000138D '_initsem'
   00001433 '_waitsem'
   0000129A '_ExitKernel'
   000012D6 '_CreateProcess'
   00001358 '_dispatch'
   00001270 '_StartKernel'
   0000137D '_TerminateProcess'
  in segment: 'bss'
   000019A0 '_Processes'
   00001DF0 '_Running'
   00001DD0 '_WaitQ'
   00001DF2 '_ReadyQ'

 in module: 'kutil' of type 'O12' defined in file 'kutil.o12'
  in segment: 'text'
   00001552 '_printqentry'
   000016A1 '_printsemq'
   00001667 '_printPCBtable'
   000014F0 '_printX'
   000014D9 '_printl'
   0000161E '_printq'

 in module: 'asrtk' of type 'O12' defined in file 'asrtk.o12'
  in segment: 'text'
   00001743 '_initcontext'
   0000175C '_suspend'
   00001759 '_restore'
   0000172D '_timer_irq_routine'

 in module: 'timer' of type 'O12' defined in file 'timer.o12'
  in segment: 'text'
   000017C3 '_start_timer'
   00001785 '_set_timer'
   000017DD '_get_rtk_time'
   000017A1 '_tick_timer'
   000017D9 '_stop_timer'
   000017CE '_start_sim_timer'
  in segment: 'bss'
   00001DF6 '_rtk_tick_count'
   00001DF7 '_rtk_elapsed_tick_count'
   00001DF8 '_rtk_at_irq'
   00001DFA '_rtk_time'
---
 End of listfile
